// Jest Snapshot v1, https://goo.gl/fbAQLP

exports[`SpinnerComponent should match snapshot 1`] = `
<teq-spinner>
  <span
    class="spinner"
  />
</teq-spinner>
`;
